{off, c(2), c(3), c(6), p(2), b(e,g,s), b(e,h,q), b(e,h,x), a(u,h,k), a(f,g,k), ok(2)}
{on, c(2), c(3), c(6), p(2), b(e,g,s), b(e,h,q), b(e,h,x), b(e,h,r), a(u,h,k), a(f,g,k)}
