{num_in(2), in(bar), in(foo), pred(d), pred(c), c(1)}
