{smaller("foo","bar"), smaller(1,2), smaller(abc,abe)}
