{complete("test: a b c"), more("a","b","c"), prefix("test:")}
