{foo(foo), bar(bar), in2(c), c(j), c(i), in0(nil)}
