{reached(e), reached(d), reached(c), reached(b), reached(a), out_tree(d,e), out_tree(a,b), in_tree(c,d,3), in_tree(c,b,2), in_tree(b,e,4), in_tree(a,c,3), edge(d,e,5), edge(c,d,3), edge(c,b,2), edge(b,e,4), edge(a,c,3), edge(a,b,4), node(e), node(d), node(c), node(b), node(a), root(a)}
Cost ([Weight:Level]): <[12:1]>
{reached(e), reached(d), reached(c), reached(b), reached(a), out_tree(b,e), out_tree(a,b), in_tree(d,e,5), in_tree(c,d,3), in_tree(c,b,2), in_tree(a,c,3), edge(d,e,5), edge(c,d,3), edge(c,b,2), edge(b,e,4), edge(a,c,3), edge(a,b,4), node(e), node(d), node(c), node(b), node(a), root(a)}
Cost ([Weight:Level]): <[13:1]>
{reached(e), reached(d), reached(c), reached(b), reached(a), out_tree(d,e), out_tree(c,b), in_tree(c,d,3), in_tree(b,e,4), in_tree(a,c,3), in_tree(a,b,4), edge(d,e,5), edge(c,d,3), edge(c,b,2), edge(b,e,4), edge(a,c,3), edge(a,b,4), node(e), node(d), node(c), node(b), node(a), root(a)}
Cost ([Weight:Level]): <[14:1]>
{reached(e), reached(d), reached(c), reached(b), reached(a), out_tree(c,b), out_tree(b,e), in_tree(d,e,5), in_tree(c,d,3), in_tree(a,c,3), in_tree(a,b,4), edge(d,e,5), edge(c,d,3), edge(c,b,2), edge(b,e,4), edge(a,c,3), edge(a,b,4), node(e), node(d), node(c), node(b), node(a), root(a)}
Cost ([Weight:Level]): <[15:1]>
{reached(e), reached(d), reached(c), reached(b), reached(a), out_tree(d,e), in_tree(c,d,3), in_tree(c,b,2), in_tree(b,e,4), in_tree(a,c,3), in_tree(a,b,4), edge(d,e,5), edge(c,d,3), edge(c,b,2), edge(b,e,4), edge(a,c,3), edge(a,b,4), node(e), node(d), node(c), node(b), node(a), root(a)}
Cost ([Weight:Level]): <[16:1]>
{reached(e), reached(d), reached(c), reached(b), reached(a), out_tree(a,b), in_tree(d,e,5), in_tree(c,d,3), in_tree(c,b,2), in_tree(b,e,4), in_tree(a,c,3), edge(d,e,5), edge(c,d,3), edge(c,b,2), edge(b,e,4), edge(a,c,3), edge(a,b,4), node(e), node(d), node(c), node(b), node(a), root(a)}
Cost ([Weight:Level]): <[17:1]>
{reached(e), reached(d), reached(c), reached(b), reached(a), out_tree(b,e), in_tree(d,e,5), in_tree(c,d,3), in_tree(c,b,2), in_tree(a,c,3), in_tree(a,b,4), edge(d,e,5), edge(c,d,3), edge(c,b,2), edge(b,e,4), edge(a,c,3), edge(a,b,4), node(e), node(d), node(c), node(b), node(a), root(a)}
Cost ([Weight:Level]): <[17:1]>
{reached(e), reached(d), reached(c), reached(b), reached(a), out_tree(c,b), in_tree(d,e,5), in_tree(c,d,3), in_tree(b,e,4), in_tree(a,c,3), in_tree(a,b,4), edge(d,e,5), edge(c,d,3), edge(c,b,2), edge(b,e,4), edge(a,c,3), edge(a,b,4), node(e), node(d), node(c), node(b), node(a), root(a)}
Cost ([Weight:Level]): <[19:1]>
{reached(e), reached(d), reached(c), reached(b), reached(a), in_tree(d,e,5), in_tree(c,d,3), in_tree(c,b,2), in_tree(b,e,4), in_tree(a,c,3), in_tree(a,b,4), edge(d,e,5), edge(c,d,3), edge(c,b,2), edge(b,e,4), edge(a,c,3), edge(a,b,4), node(e), node(d), node(c), node(b), node(a), root(a)}
Cost ([Weight:Level]): <[21:1]>
