{a(e), a(v), a(u), d(e), d(v), c(e), c(u), b(v), b(u)}
