{d, c, a}
Cost ([Weight:Level]): <[3:1],[0:2]>
{-d, c, a}
Cost ([Weight:Level]): <[4:1],[0:2]>
{g, b}
Cost ([Weight:Level]): <[1:1],[1:2]>
